ls -la 2> errors.txt
'e'"c"""'''h'""'o' coucou Henri
--------------------------------------------------------------------------------
bash-3.2$ export var=cho
bash-3.2$ e$var dd
dd
--------------------------------------------------------------------------------
bash-3.2$ export aa=bb
bash-3.2$ echo $(aa)
bash: aa: command not found
--------------------------------------------------------------------------------
Faut il gerer les executable locals ? Et la recursion d'appel ./minishell
--------------------------------------------------------------------------------
bash-3.2$ echo|cat -e
$
bash-3.2$
--------------------------------------------------------------------------------
Avant de parser, remplacer tous les $var ? sauf si \$
--------------------------------------------------------------------------------
Doit on gerer les ``
